
> wpgctl-ui@1.0.0 build
> vite build

vite v6.4.3 building for production...
transforming...
✓ 1669 modules transformed.
rendering chunks...
computing gzip size...
../internal/ui/dist/index.html                                               0.72 kB │ gzip:   0.39 kB
../internal/ui/dist/wpg-deploy-assets/index-CxT08xzC.css                    36.78 kB │ gzip:   8.24 kB
../internal/ui/dist/wpg-deploy-assets/vendor-Dz4RGjfJ.css                  361.11 kB │ gzip:  48.14 kB
../internal/ui/dist/wpg-deploy-assets/YamlEditor-DZUXtkV8.js                 0.39 kB │ gzip:   0.29 kB
../internal/ui/dist/wpg-deploy-assets/WizardLocalPrecheck-DK4tEHTC.js        1.48 kB │ gzip:   0.84 kB
../internal/ui/dist/wpg-deploy-assets/ReportView-iAnwajVg.js                 1.64 kB │ gzip:   0.99 kB
../internal/ui/dist/wpg-deploy-assets/WizardFieldDocker-Bti3h37s.js          1.86 kB │ gzip:   1.04 kB
../internal/ui/dist/wpg-deploy-assets/WizardLocalInit-B7MswDLs.js            2.16 kB │ gzip:   1.13 kB
../internal/ui/dist/wpg-deploy-assets/WizardFieldNginx-DkHlHOUJ.js           2.25 kB │ gzip:   1.21 kB
../internal/ui/dist/wpg-deploy-assets/HistoryView-TvbBUP6Z.js                2.30 kB │ gzip:   1.10 kB
../internal/ui/dist/wpg-deploy-assets/PreflightView-BxTGOi2Z.js              2.40 kB │ gzip:   1.35 kB
../internal/ui/dist/wpg-deploy-assets/UpgradeView-DAlO5E_P.js                2.51 kB │ gzip:   1.34 kB
../internal/ui/dist/wpg-deploy-assets/WizardFieldVerify-3LVpUj74.js          3.18 kB │ gzip:   1.41 kB
../internal/ui/dist/wpg-deploy-assets/WizardFirewallPanel-DRwr2WKL.js        3.23 kB │ gzip:   1.49 kB
../internal/ui/dist/wpg-deploy-assets/LogsView-DIVAZag-.js                   3.23 kB │ gzip:   1.66 kB
../internal/ui/dist/wpg-deploy-assets/WizardLocalDeploy-ylBkaAcO.js          3.43 kB │ gzip:   1.54 kB
../internal/ui/dist/wpg-deploy-assets/HomeView-BXwCrD37.js                   3.97 kB │ gzip:   1.98 kB
../internal/ui/dist/wpg-deploy-assets/WizardFieldBusiness-Dm3ezPIo.js        4.01 kB │ gzip:   1.74 kB
../internal/ui/dist/wpg-deploy-assets/WizardFieldStandalone-B5i_enCS.js      5.04 kB │ gzip:   1.78 kB
../internal/ui/dist/wpg-deploy-assets/WizardFieldMiddleware-BYLDgxnI.js      5.19 kB │ gzip:   2.06 kB
../internal/ui/dist/wpg-deploy-assets/WizardFieldDatabase-jJPBQU7f.js        5.46 kB │ gzip:   2.19 kB
../internal/ui/dist/wpg-deploy-assets/FetchView-B3mW5WtC.js                  7.18 kB │ gzip:   2.81 kB
../internal/ui/dist/wpg-deploy-assets/WizardView-Bv2-5688.js                 7.34 kB │ gzip:   2.53 kB
../internal/ui/dist/wpg-deploy-assets/StatusView-SaHWuKLO.js                12.03 kB │ gzip:   4.13 kB
../internal/ui/dist/wpg-deploy-assets/WizardSiteStep-DF2i8QzJ.js            26.14 kB │ gzip:   6.68 kB
../internal/ui/dist/wpg-deploy-assets/index-DL69U73O.js                     95.77 kB │ gzip:  33.16 kB
../internal/ui/dist/wpg-deploy-assets/codemirror-C-vKtNNm.js               319.28 kB │ gzip: 104.98 kB
../internal/ui/dist/wpg-deploy-assets/vendor-wFnJ-MaI.js                 1,203.40 kB │ gzip: 385.52 kB

(!) Some chunks are larger than 500 kB after minification. Consider:
- Using dynamic import() to code-split the application
- Use build.rollupOptions.output.manualChunks to improve chunking: https://rollupjs.org/configuration-options/#output-manualchunks
- Adjust chunk size limit for this warning via build.chunkSizeWarningLimit.
✓ built in 7.71s
